// Jest Snapshot v1, https://goo.gl/fbAQLP

exports[`Button render with snapshot 1`] = `
<DocumentFragment>
  <button
    style="background-color: rgb(76, 196, 156);"
  >
    Send message!
  </button>
</DocumentFragment>
`;
